PC10             CMY    poly3              median=0.280 p95=1.074 max=7.316 n=818 (0.0s)
PC10             CMY    svm                median=0.767 p95=2.046 max=6.172 n=818 (0.1s)
PC10             CMY    knn                median=1.948 p95=4.245 max=10.344 n=818 (0.0s)
PC11             CMY    poly3              median=0.245 p95=0.827 max=7.543 n=818 (0.0s)
PC11             CMY    svm                median=0.723 p95=1.803 max=4.987 n=818 (0.1s)
PC11             CMY    knn                median=1.881 p95=4.061 max=10.255 n=818 (0.0s)
FOGRA51          CMY    poly3              median=0.369 p95=1.097 max=8.408 n=818 (0.0s)
FOGRA51          CMY    svm                median=0.789 p95=1.890 max=5.016 n=818 (0.1s)
FOGRA51          CMY    knn                median=1.968 p95=4.289 max=9.905 n=818 (0.0s)
PC10             CMYK   poly3              median=0.943 p95=8.193 max=29.350 n=1617 (0.0s)
PC10             CMYK   svm                median=0.975 p95=5.493 max=23.100 n=1617 (0.2s)
PC10             CMYK   knn                median=2.252 p95=5.823 max=13.871 n=1617 (0.0s)
KCMYG5           native poly3              median=1.462 p95=8.437 max=53.986 n=2214 (0.0s)
KCMYG5           native svm                median=1.199 p95=6.694 max=45.048 n=2214 (2.6s)
KCMYG5           native knn                median=1.814 p95=5.195 max=41.049 n=2214 (0.0s)
CMYKOGV7         native poly3              median=5.625 p95=25.834 max=56.342 n=3534 (0.1s)
CMYKOGV7         native svm                median=2.008 p95=11.411 max=27.246 n=3534 (1.9s)
CMYKOGV7         native knn                median=3.451 p95=9.670 max=26.854 n=3534 (0.0s)
CMYKOGB7         native poly3              median=3.326 p95=24.370 max=52.838 n=2000 (0.0s)
CMYKOGB7         native svm                median=1.816 p95=14.093 max=41.630 n=2000 (1.8s)
CMYKOGB7         native knn                median=2.598 p95=8.243 max=41.446 n=2000 (0.0s)
IFRA_Age64a      CMYK   poly3              median=1.075 p95=3.313 max=23.533 n=1485 (0.0s)
IFRA_Age64a      CMYK   svm                median=0.965 p95=3.234 max=16.258 n=1485 (1.9s)
IFRA_Age64a      CMYK   knn                median=1.886 p95=4.194 max=6.975 n=1485 (0.0s)
IFRA_PressJ158   CMYK   poly3              median=3.170 p95=10.395 max=33.863 n=1485 (0.0s)
IFRA_PressJ158   CMYK   svm                median=2.280 p95=5.738 max=11.219 n=1485 (2.6s)
IFRA_PressJ158   CMYK   knn                median=3.214 p95=6.801 max=12.592 n=1485 (0.0s)
DONE_CHEAP
