PC10-CMY       poly3            median=  0.279 p95=  0.966 max=   7.695 [  0.0s]
PC10-CMY       ridge            median=  6.624 p95= 24.802 max=  43.820 [  0.0s]
PC10-CMY       lasso            median=  6.601 p95= 24.791 max=  43.961 [  0.0s]
PC10-CMY       elastic          median=  6.611 p95= 24.781 max=  43.890 [  0.0s]
PC10-CMY       pcr              median=  6.624 p95= 24.802 max=  43.820 [  0.0s]
PC10-CMY       plsr             median=  6.643 p95= 24.901 max=  43.823 [  0.0s]
PC10-CMY       knn              median=  2.006 p95=  4.251 max=   8.918 [  0.0s]
PC10-CMY       svm              median=  0.750 p95=  1.928 max=   5.442 [  0.1s]
PC10-CMY       decision_tree    median=  4.325 p95=  9.797 max=  25.211 [  0.0s]
PC10-CMY       random_forest    median=  1.713 p95=  4.225 max=   9.621 [  1.0s]
PC10-CMY       gradient_boost   median=  0.881 p95=  3.133 max=  22.659 [  1.3s]
/home/user1/Desktop/HAMZA/Evaluating-Machine-Learning-Methods/.venv/lib/python3.12/site-packages/sklearn/gaussian_process/kernels.py:440: ConvergenceWarning: The optimal value found for dimension 0 of parameter k2__noise_level is close to the specified lower bound 1e-05. Decreasing the bound and calling fit again may find a better value.
  warnings.warn(
/home/user1/Desktop/HAMZA/Evaluating-Machine-Learning-Methods/.venv/lib/python3.12/site-packages/sklearn/gaussian_process/kernels.py:440: ConvergenceWarning: The optimal value found for dimension 0 of parameter k2__noise_level is close to the specified lower bound 1e-05. Decreasing the bound and calling fit again may find a better value.
  warnings.warn(
/home/user1/Desktop/HAMZA/Evaluating-Machine-Learning-Methods/.venv/lib/python3.12/site-packages/sklearn/gaussian_process/kernels.py:440: ConvergenceWarning: The optimal value found for dimension 0 of parameter k2__noise_level is close to the specified lower bound 1e-05. Decreasing the bound and calling fit again may find a better value.
  warnings.warn(
/home/user1/Desktop/HAMZA/Evaluating-Machine-Learning-Methods/.venv/lib/python3.12/site-packages/sklearn/gaussian_process/_gpr.py:663: ConvergenceWarning: lbfgs failed to converge after 12 iteration(s) (status=2):
ABNORMAL: 

You might also want to scale the data as shown in:
    https://scikit-learn.org/stable/modules/preprocessing.html
  _check_optimize_result("lbfgs", opt_res)
/home/user1/Desktop/HAMZA/Evaluating-Machine-Learning-Methods/.venv/lib/python3.12/site-packages/sklearn/gaussian_process/kernels.py:440: ConvergenceWarning: The optimal value found for dimension 0 of parameter k2__noise_level is close to the specified lower bound 1e-05. Decreasing the bound and calling fit again may find a better value.
  warnings.warn(
/home/user1/Desktop/HAMZA/Evaluating-Machine-Learning-Methods/.venv/lib/python3.12/site-packages/sklearn/gaussian_process/kernels.py:440: ConvergenceWarning: The optimal value found for dimension 0 of parameter k2__noise_level is close to the specified lower bound 1e-05. Decreasing the bound and calling fit again may find a better value.
  warnings.warn(
PC10-CMY       gaussian_process median=  0.054 p95=  0.189 max=   2.061 [397.5s]
PC10-CMY       mlp_shallow      median=  1.307 p95=  4.413 max=  21.538 [  2.4s]
PC10-CMY       mlp_deep         median=  1.114 p95=  4.034 max=  11.336 [ 79.8s]
PC10-CMY       poly3_de00_nm    median=  0.264 p95=  0.982 max=   6.939 [ 12.8s]
PC10-CMY       poly3_de00_powell median=  0.274 p95=  0.886 max=   5.513 [197.9s]
wrote /home/user1/Desktop/HAMZA/Evaluating-Machine-Learning-Methods/journal/results/PC10-CMY/summary.csv
PC10-CMYK      poly3            median=  0.944 p95=  8.154 max=  32.059 [  0.1s]
PC10-CMYK      ridge            median=  8.929 p95= 24.526 max=  42.666 [  0.0s]
PC10-CMYK      lasso            median=  8.908 p95= 24.367 max=  42.965 [  0.0s]
PC10-CMYK      elastic          median=  8.937 p95= 24.480 max=  42.828 [  0.0s]
PC10-CMYK      pcr              median=  8.929 p95= 24.526 max=  42.666 [  0.0s]
PC10-CMYK      plsr             median=  8.940 p95= 25.216 max=  42.695 [  0.0s]
PC10-CMYK      knn              median=  2.222 p95=  5.799 max=  13.515 [  0.0s]
PC10-CMYK      svm              median=  1.033 p95=  5.661 max=  20.253 [  0.5s]
PC10-CMYK      decision_tree    median=  4.625 p95=  9.768 max=  24.345 [  0.0s]
PC10-CMYK      random_forest    median=  2.286 p95=  4.933 max=   9.129 [  2.8s]
PC10-CMYK      gradient_boost   median=  1.528 p95=  6.515 max=  26.210 [  3.1s]
/home/user1/Desktop/HAMZA/Evaluating-Machine-Learning-Methods/.venv/lib/python3.12/site-packages/sklearn/gaussian_process/kernels.py:440: ConvergenceWarning: The optimal value found for dimension 0 of parameter k2__noise_level is close to the specified lower bound 1e-05. Decreasing the bound and calling fit again may find a better value.
  warnings.warn(
/home/user1/Desktop/HAMZA/Evaluating-Machine-Learning-Methods/.venv/lib/python3.12/site-packages/sklearn/gaussian_process/_gpr.py:663: ConvergenceWarning: lbfgs failed to converge after 27 iteration(s) (status=2):
ABNORMAL: 

You might also want to scale the data as shown in:
    https://scikit-learn.org/stable/modules/preprocessing.html
  _check_optimize_result("lbfgs", opt_res)
/home/user1/Desktop/HAMZA/Evaluating-Machine-Learning-Methods/.venv/lib/python3.12/site-packages/sklearn/gaussian_process/kernels.py:440: ConvergenceWarning: The optimal value found for dimension 0 of parameter k2__noise_level is close to the specified lower bound 1e-05. Decreasing the bound and calling fit again may find a better value.
  warnings.warn(
/home/user1/Desktop/HAMZA/Evaluating-Machine-Learning-Methods/.venv/lib/python3.12/site-packages/sklearn/gaussian_process/kernels.py:440: ConvergenceWarning: The optimal value found for dimension 0 of parameter k2__noise_level is close to the specified lower bound 1e-05. Decreasing the bound and calling fit again may find a better value.
  warnings.warn(
/home/user1/Desktop/HAMZA/Evaluating-Machine-Learning-Methods/.venv/lib/python3.12/site-packages/sklearn/gaussian_process/kernels.py:440: ConvergenceWarning: The optimal value found for dimension 0 of parameter k2__noise_level is close to the specified lower bound 1e-05. Decreasing the bound and calling fit again may find a better value.
  warnings.warn(
/home/user1/Desktop/HAMZA/Evaluating-Machine-Learning-Methods/.venv/lib/python3.12/site-packages/sklearn/gaussian_process/kernels.py:440: ConvergenceWarning: The optimal value found for dimension 0 of parameter k2__noise_level is close to the specified lower bound 1e-05. Decreasing the bound and calling fit again may find a better value.
  warnings.warn(
PC10-CMYK      gaussian_process median=  0.063 p95=  0.473 max=   8.370 [2115.7s]
PC10-CMYK      mlp_shallow      median=  2.000 p95= 10.405 max=  29.582 [  2.6s]
PC10-CMYK      mlp_deep         median=  1.625 p95= 10.400 max=  32.865 [170.1s]
PC10-CMYK      poly3_de00_nm    median=  0.905 p95=  6.875 max=  30.337 [ 13.0s]
PC10-CMYK      poly3_de00_powell median=  0.872 p95=  6.572 max=  31.485 [530.8s]
wrote /home/user1/Desktop/HAMZA/Evaluating-Machine-Learning-Methods/journal/results/PC10-CMYK/summary.csv
PC11-CMY       poly3            median=  0.244 p95=  0.890 max=   7.107 [  0.0s]
PC11-CMY       ridge            median=  6.309 p95= 23.943 max=  45.184 [  0.0s]
PC11-CMY       lasso            median=  6.292 p95= 23.462 max=  45.338 [  0.0s]
PC11-CMY       elastic          median=  6.284 p95= 23.952 max=  45.261 [  0.0s]
PC11-CMY       pcr              median=  6.309 p95= 23.943 max=  45.184 [  0.0s]
PC11-CMY       plsr             median=  6.307 p95= 23.989 max=  45.184 [  0.0s]
PC11-CMY       knn              median=  1.937 p95=  4.127 max=   8.852 [  0.0s]
PC11-CMY       svm              median=  0.714 p95=  1.830 max=   4.863 [  0.1s]
PC11-CMY       decision_tree    median=  4.136 p95=  8.697 max=  24.132 [  0.0s]
PC11-CMY       random_forest    median=  1.716 p95=  4.093 max=   8.778 [  0.9s]
PC11-CMY       gradient_boost   median=  0.791 p95=  2.821 max=  13.192 [  1.3s]
/home/user1/Desktop/HAMZA/Evaluating-Machine-Learning-Methods/.venv/lib/python3.12/site-packages/sklearn/gaussian_process/kernels.py:440: ConvergenceWarning: The optimal value found for dimension 0 of parameter k2__noise_level is close to the specified lower bound 1e-05. Decreasing the bound and calling fit again may find a better value.
  warnings.warn(
/home/user1/Desktop/HAMZA/Evaluating-Machine-Learning-Methods/.venv/lib/python3.12/site-packages/sklearn/gaussian_process/kernels.py:440: ConvergenceWarning: The optimal value found for dimension 0 of parameter k2__noise_level is close to the specified lower bound 1e-05. Decreasing the bound and calling fit again may find a better value.
  warnings.warn(
/home/user1/Desktop/HAMZA/Evaluating-Machine-Learning-Methods/.venv/lib/python3.12/site-packages/sklearn/gaussian_process/kernels.py:440: ConvergenceWarning: The optimal value found for dimension 0 of parameter k2__noise_level is close to the specified lower bound 1e-05. Decreasing the bound and calling fit again may find a better value.
  warnings.warn(
/home/user1/Desktop/HAMZA/Evaluating-Machine-Learning-Methods/.venv/lib/python3.12/site-packages/sklearn/gaussian_process/kernels.py:440: ConvergenceWarning: The optimal value found for dimension 0 of parameter k2__noise_level is close to the specified lower bound 1e-05. Decreasing the bound and calling fit again may find a better value.
  warnings.warn(
/home/user1/Desktop/HAMZA/Evaluating-Machine-Learning-Methods/.venv/lib/python3.12/site-packages/sklearn/gaussian_process/kernels.py:440: ConvergenceWarning: The optimal value found for dimension 0 of parameter k2__noise_level is close to the specified lower bound 1e-05. Decreasing the bound and calling fit again may find a better value.
  warnings.warn(
PC11-CMY       gaussian_process median=  0.054 p95=  0.160 max=   1.797 [275.9s]
PC11-CMY       mlp_shallow      median=  1.175 p95=  4.081 max=  13.211 [  0.6s]
PC11-CMY       mlp_deep         median=  1.052 p95=  3.687 max=  25.470 [  5.2s]
PC11-CMY       poly3_de00_nm    median=  0.235 p95=  0.847 max=   6.162 [  8.5s]
PC11-CMY       poly3_de00_powell median=  0.255 p95=  0.772 max=   5.735 [121.9s]
wrote /home/user1/Desktop/HAMZA/Evaluating-Machine-Learning-Methods/journal/results/PC11-CMY/summary.csv
PC11-CMYK      poly3            median=  0.868 p95=  7.724 max=  32.223 [  0.0s]
PC11-CMYK      ridge            median=  8.471 p95= 23.459 max=  42.040 [  0.0s]
PC11-CMYK      lasso            median=  8.467 p95= 23.842 max=  42.354 [  0.0s]
PC11-CMYK      elastic          median=  8.500 p95= 23.651 max=  42.212 [  0.0s]
PC11-CMYK      pcr              median=  8.471 p95= 23.459 max=  42.040 [  0.0s]
PC11-CMYK      plsr             median=  8.630 p95= 23.766 max=  42.028 [  0.0s]
PC11-CMYK      knn              median=  2.132 p95=  5.510 max=  12.148 [  0.0s]
PC11-CMYK      svm              median=  1.003 p95=  4.906 max=  15.267 [  0.3s]
PC11-CMYK      decision_tree    median=  4.351 p95=  9.184 max=  23.095 [  0.0s]
PC11-CMYK      random_forest    median=  2.255 p95=  4.781 max=  10.858 [  1.3s]
PC11-CMYK      gradient_boost   median=  1.389 p95=  6.289 max=  22.283 [  1.7s]
/home/user1/Desktop/HAMZA/Evaluating-Machine-Learning-Methods/.venv/lib/python3.12/site-packages/sklearn/gaussian_process/_gpr.py:663: ConvergenceWarning: lbfgs failed to converge after 39 iteration(s) (status=2):
ABNORMAL: 

You might also want to scale the data as shown in:
    https://scikit-learn.org/stable/modules/preprocessing.html
  _check_optimize_result("lbfgs", opt_res)
/home/user1/Desktop/HAMZA/Evaluating-Machine-Learning-Methods/.venv/lib/python3.12/site-packages/sklearn/gaussian_process/kernels.py:440: ConvergenceWarning: The optimal value found for dimension 0 of parameter k2__noise_level is close to the specified lower bound 1e-05. Decreasing the bound and calling fit again may find a better value.
  warnings.warn(
/home/user1/Desktop/HAMZA/Evaluating-Machine-Learning-Methods/.venv/lib/python3.12/site-packages/sklearn/gaussian_process/kernels.py:440: ConvergenceWarning: The optimal value found for dimension 0 of parameter k2__noise_level is close to the specified lower bound 1e-05. Decreasing the bound and calling fit again may find a better value.
  warnings.warn(
/home/user1/Desktop/HAMZA/Evaluating-Machine-Learning-Methods/.venv/lib/python3.12/site-packages/sklearn/gaussian_process/kernels.py:440: ConvergenceWarning: The optimal value found for dimension 0 of parameter k2__noise_level is close to the specified lower bound 1e-05. Decreasing the bound and calling fit again may find a better value.
  warnings.warn(
/home/user1/Desktop/HAMZA/Evaluating-Machine-Learning-Methods/.venv/lib/python3.12/site-packages/sklearn/gaussian_process/kernels.py:440: ConvergenceWarning: The optimal value found for dimension 0 of parameter k2__noise_level is close to the specified lower bound 1e-05. Decreasing the bound and calling fit again may find a better value.
  warnings.warn(
/home/user1/Desktop/HAMZA/Evaluating-Machine-Learning-Methods/.venv/lib/python3.12/site-packages/sklearn/gaussian_process/_gpr.py:663: ConvergenceWarning: lbfgs failed to converge after 17 iteration(s) (status=2):
ABNORMAL: 

You might also want to scale the data as shown in:
    https://scikit-learn.org/stable/modules/preprocessing.html
  _check_optimize_result("lbfgs", opt_res)
/home/user1/Desktop/HAMZA/Evaluating-Machine-Learning-Methods/.venv/lib/python3.12/site-packages/sklearn/gaussian_process/kernels.py:440: ConvergenceWarning: The optimal value found for dimension 0 of parameter k2__noise_level is close to the specified lower bound 1e-05. Decreasing the bound and calling fit again may find a better value.
  warnings.warn(
PC11-CMYK      gaussian_process median=  0.066 p95=  0.435 max=   6.796 [556.5s]
PC11-CMYK      mlp_shallow      median=  1.827 p95=  9.749 max=  27.439 [  0.9s]
PC11-CMYK      mlp_deep         median=  1.622 p95= 11.298 max=  36.682 [ 38.9s]
PC11-CMYK      poly3_de00_nm    median=  0.849 p95=  6.244 max=  29.922 [  9.3s]
PC11-CMYK      poly3_de00_powell median=  0.797 p95=  5.432 max=  29.909 [566.1s]
wrote /home/user1/Desktop/HAMZA/Evaluating-Machine-Learning-Methods/journal/results/PC11-CMYK/summary.csv
FOGRA51-CMY    poly3            median=  0.368 p95=  1.163 max=   8.008 [  0.0s]
FOGRA51-CMY    ridge            median=  6.719 p95= 25.397 max=  41.897 [  0.0s]
FOGRA51-CMY    lasso            median=  6.658 p95= 25.221 max=  42.062 [  0.0s]
FOGRA51-CMY    elastic          median=  6.692 p95= 25.279 max=  41.981 [  0.0s]
FOGRA51-CMY    pcr              median=  6.719 p95= 25.397 max=  41.897 [  0.0s]
FOGRA51-CMY    plsr             median=  6.715 p95= 25.528 max=  41.892 [  0.0s]
FOGRA51-CMY    knn              median=  1.884 p95=  4.299 max=   9.512 [  0.0s]
FOGRA51-CMY    svm              median=  0.767 p95=  1.864 max=   6.194 [  0.1s]
FOGRA51-CMY    decision_tree    median=  4.304 p95=  8.973 max=  14.061 [  0.0s]
FOGRA51-CMY    random_forest    median=  1.813 p95=  4.341 max=   8.029 [  1.0s]
FOGRA51-CMY    gradient_boost   median=  0.819 p95=  2.926 max=  17.404 [  1.3s]
/home/user1/Desktop/HAMZA/Evaluating-Machine-Learning-Methods/.venv/lib/python3.12/site-packages/sklearn/gaussian_process/kernels.py:440: ConvergenceWarning: The optimal value found for dimension 0 of parameter k2__noise_level is close to the specified lower bound 1e-05. Decreasing the bound and calling fit again may find a better value.
  warnings.warn(
/home/user1/Desktop/HAMZA/Evaluating-Machine-Learning-Methods/.venv/lib/python3.12/site-packages/sklearn/gaussian_process/_gpr.py:663: ConvergenceWarning: lbfgs failed to converge after 16 iteration(s) (status=2):
ABNORMAL: 

You might also want to scale the data as shown in:
    https://scikit-learn.org/stable/modules/preprocessing.html
  _check_optimize_result("lbfgs", opt_res)
/home/user1/Desktop/HAMZA/Evaluating-Machine-Learning-Methods/.venv/lib/python3.12/site-packages/sklearn/gaussian_process/kernels.py:440: ConvergenceWarning: The optimal value found for dimension 0 of parameter k2__noise_level is close to the specified lower bound 1e-05. Decreasing the bound and calling fit again may find a better value.
  warnings.warn(
/home/user1/Desktop/HAMZA/Evaluating-Machine-Learning-Methods/.venv/lib/python3.12/site-packages/sklearn/gaussian_process/kernels.py:440: ConvergenceWarning: The optimal value found for dimension 0 of parameter k2__noise_level is close to the specified lower bound 1e-05. Decreasing the bound and calling fit again may find a better value.
  warnings.warn(
/home/user1/Desktop/HAMZA/Evaluating-Machine-Learning-Methods/.venv/lib/python3.12/site-packages/sklearn/gaussian_process/kernels.py:440: ConvergenceWarning: The optimal value found for dimension 0 of parameter k2__noise_level is close to the specified lower bound 1e-05. Decreasing the bound and calling fit again may find a better value.
  warnings.warn(
/home/user1/Desktop/HAMZA/Evaluating-Machine-Learning-Methods/.venv/lib/python3.12/site-packages/sklearn/gaussian_process/kernels.py:440: ConvergenceWarning: The optimal value found for dimension 0 of parameter k2__noise_level is close to the specified lower bound 1e-05. Decreasing the bound and calling fit again may find a better value.
  warnings.warn(
FOGRA51-CMY    gaussian_process median=  0.065 p95=  0.191 max=   0.807 [274.9s]
FOGRA51-CMY    mlp_shallow      median=  1.434 p95=  6.037 max=  19.398 [  0.6s]
FOGRA51-CMY    mlp_deep         median=  1.208 p95=  4.108 max=  14.030 [  7.7s]
FOGRA51-CMY    poly3_de00_nm    median=  0.372 p95=  1.170 max=   5.783 [  8.6s]
FOGRA51-CMY    poly3_de00_powell median=  0.375 p95=  1.043 max=   4.135 [180.0s]
wrote /home/user1/Desktop/HAMZA/Evaluating-Machine-Learning-Methods/journal/results/FOGRA51-CMY/summary.csv
FOGRA51-CMYK   poly3            median=  0.822 p95=  6.643 max=  28.377 [  0.0s]
FOGRA51-CMYK   ridge            median=  8.820 p95= 25.102 max=  42.406 [  0.0s]
FOGRA51-CMYK   lasso            median=  8.771 p95= 25.522 max=  43.085 [  0.0s]
FOGRA51-CMYK   elastic          median=  8.790 p95= 25.174 max=  42.785 [  0.0s]
FOGRA51-CMYK   pcr              median=  8.820 p95= 25.102 max=  42.406 [  0.0s]
FOGRA51-CMYK   plsr             median=  8.699 p95= 25.352 max=  43.411 [  0.0s]
FOGRA51-CMYK   knn              median=  2.160 p95=  5.897 max=  20.065 [  0.0s]
FOGRA51-CMYK   svm              median=  0.994 p95=  4.444 max=  11.380 [  0.3s]
FOGRA51-CMYK   decision_tree    median=  4.436 p95= 10.299 max=  19.473 [  0.0s]
FOGRA51-CMYK   random_forest    median=  2.556 p95=  5.809 max=  15.989 [  1.6s]
FOGRA51-CMYK   gradient_boost   median=  1.539 p95=  6.910 max=  30.171 [  2.0s]
/home/user1/Desktop/HAMZA/Evaluating-Machine-Learning-Methods/.venv/lib/python3.12/site-packages/sklearn/gaussian_process/kernels.py:440: ConvergenceWarning: The optimal value found for dimension 0 of parameter k2__noise_level is close to the specified lower bound 1e-05. Decreasing the bound and calling fit again may find a better value.
  warnings.warn(
/home/user1/Desktop/HAMZA/Evaluating-Machine-Learning-Methods/.venv/lib/python3.12/site-packages/sklearn/gaussian_process/kernels.py:440: ConvergenceWarning: The optimal value found for dimension 0 of parameter k2__noise_level is close to the specified lower bound 1e-05. Decreasing the bound and calling fit again may find a better value.
  warnings.warn(
/home/user1/Desktop/HAMZA/Evaluating-Machine-Learning-Methods/.venv/lib/python3.12/site-packages/sklearn/gaussian_process/kernels.py:440: ConvergenceWarning: The optimal value found for dimension 0 of parameter k2__noise_level is close to the specified lower bound 1e-05. Decreasing the bound and calling fit again may find a better value.
  warnings.warn(
/home/user1/Desktop/HAMZA/Evaluating-Machine-Learning-Methods/.venv/lib/python3.12/site-packages/sklearn/gaussian_process/kernels.py:440: ConvergenceWarning: The optimal value found for dimension 0 of parameter k2__noise_level is close to the specified lower bound 1e-05. Decreasing the bound and calling fit again may find a better value.
  warnings.warn(
/home/user1/Desktop/HAMZA/Evaluating-Machine-Learning-Methods/.venv/lib/python3.12/site-packages/sklearn/gaussian_process/kernels.py:440: ConvergenceWarning: The optimal value found for dimension 0 of parameter k2__noise_level is close to the specified lower bound 1e-05. Decreasing the bound and calling fit again may find a better value.
  warnings.warn(
FOGRA51-CMYK   gaussian_process median=  0.072 p95=  0.292 max=   3.248 [962.6s]
FOGRA51-CMYK   mlp_shallow      median=  1.966 p95= 11.146 max=  29.032 [  0.5s]
FOGRA51-CMYK   mlp_deep         median=  1.675 p95=  9.782 max=  34.017 [ 39.9s]
FOGRA51-CMYK   poly3_de00_nm    median=  0.763 p95=  6.155 max=  31.100 [  9.3s]
FOGRA51-CMYK   poly3_de00_powell median=  0.769 p95=  5.416 max=  31.870 [348.0s]
wrote /home/user1/Desktop/HAMZA/Evaluating-Machine-Learning-Methods/journal/results/FOGRA51-CMYK/summary.csv
