KCMYG-5        poly3            median=  1.480 p95=  7.975 max=  50.158 [  0.7s]
KCMYG-5        ridge            median= 10.741 p95= 25.485 max=  50.334 [  0.0s]
KCMYG-5        lasso            median= 10.690 p95= 25.625 max=  50.120 [  0.0s]
KCMYG-5        elastic          median= 10.736 p95= 25.535 max=  50.126 [  0.0s]
KCMYG-5        pcr              median= 10.741 p95= 25.485 max=  50.334 [  0.0s]
KCMYG-5        plsr             median= 13.546 p95= 32.219 max=  53.675 [  0.0s]
KCMYG-5        knn              median=  1.814 p95=  4.877 max=  55.180 [  0.0s]
KCMYG-5        svm              median=  1.192 p95=  6.350 max=  50.622 [  4.1s]
KCMYG-5        decision_tree    median=  4.801 p95= 14.441 max=  51.134 [  0.1s]
KCMYG-5        random_forest    median=  2.300 p95=  6.656 max=  35.961 [  5.2s]
KCMYG-5        gradient_boost   median=  2.821 p95= 10.612 max=  34.066 [ 11.3s]
KCMYG-5        gaussian_process median=  0.851 p95=  2.274 max=  42.462 [3134.1s]
KCMYG-5        mlp_shallow      median=  1.998 p95= 11.453 max=  49.903 [  3.4s]
KCMYG-5        mlp_deep         median=  1.925 p95=  9.166 max=  37.519 [166.2s]
KCMYG-5        poly3_de00_nm    median=  1.445 p95=  7.314 max=  51.492 [ 16.2s]
KCMYG-5        poly3_de00_powell median=  1.424 p95=  5.846 max=  49.052 [1367.4s]
wrote /home/user1/Desktop/HAMZA/Evaluating-Machine-Learning-Methods/journal/results/KCMYG-5/summary.csv
CMYKOGB-7      poly3            median=  3.276 p95= 24.876 max=  52.696 [  3.5s]
CMYKOGB-7      ridge            median= 11.148 p95= 31.278 max=  49.914 [  0.0s]
CMYKOGB-7      lasso            median= 11.468 p95= 30.637 max=  48.609 [  0.0s]
CMYKOGB-7      elastic          median= 11.380 p95= 30.898 max=  49.047 [  0.0s]
CMYKOGB-7      pcr              median= 11.148 p95= 31.278 max=  49.914 [  0.0s]
CMYKOGB-7      plsr             median= 17.438 p95= 38.048 max=  65.167 [  0.0s]
CMYKOGB-7      knn              median=  2.610 p95=  8.104 max=  39.455 [  0.0s]
CMYKOGB-7      svm              median=  1.792 p95= 13.653 max=  41.002 [  2.0s]
CMYKOGB-7      decision_tree    median=  5.036 p95= 15.368 max=  85.477 [  0.0s]
CMYKOGB-7      random_forest    median=  2.400 p95=  8.389 max=  62.288 [  3.3s]
CMYKOGB-7      gradient_boost   median=  3.956 p95= 17.799 max=  45.087 [  6.2s]
CMYKOGB-7      gaussian_process median=  1.280 p95=  8.036 max=  47.473 [1338.0s]
CMYKOGB-7      mlp_shallow      median=  2.999 p95= 19.078 max=  42.938 [  3.2s]
CMYKOGB-7      mlp_deep         median=  2.547 p95= 17.073 max=  37.412 [211.3s]
CMYKOGB-7      poly3_de00_nm    median=  3.258 p95= 22.826 max=  51.706 [ 25.1s]
CMYKOGB-7      poly3_de00_powell median=  2.985 p95= 19.787 max=  51.204 [4583.5s]
wrote /home/user1/Desktop/HAMZA/Evaluating-Machine-Learning-Methods/journal/results/CMYKOGB-7/summary.csv
