=== run_ifra B train=Age_64a 23:09:47
B cross-run IFRA-wb-Age_64a_wb-CMYK->IFRA-wb-Arena_111_wb-CMYK gaussian_process: median=4.343
B cross-run IFRA-wb-Age_64a_wb-CMYK->IFRA-wb-Dnvk_131_wb-CMYK gaussian_process: median=1.677
B cross-run IFRA-wb-Age_64a_wb-CMYK->IFRA-wb-GratN_90_wb-CMYK gaussian_process: median=5.355
B cross-run IFRA-wb-Age_64a_wb-CMYK->IFRA-wb-Mbd_103a_wb-CMYK gaussian_process: median=2.574
B cross-run IFRA-wb-Age_64a_wb-CMYK->IFRA-wb-NordK_92a_wb-CMYK gaussian_process: median=3.370
B cross-run IFRA-wb-Age_64a_wb-CMYK->IFRA-wb-PressJ_158_wb-CMYK gaussian_process: median=6.831
B cross-run IFRA-wb-Age_64a_wb-CMYK->IFRA-wb-RZPOI_125_2_wb-CMYK gaussian_process: median=3.635
B cross-run IFRA-wb-Age_64a_wb-CMYK->IFRA-wb-SudK_99_2_wb-CMYK gaussian_process: median=3.575
B cross-run IFRA-wb-Age_64a_wb-CMYK->IFRA-wb-Sudz_100_wb-CMYK gaussian_process: median=3.405
B cross-run IFRA-wb-Age_64a_wb-CMYK->IFRA-wb-TagesA_147_2_wb-CMYK gaussian_process: median=2.030
B cross-run IFRA-wb-Age_64a_wb-CMYK->IFRA-wb-TagesA_147_wb-CMYK gaussian_process: median=2.012
B cross-run IFRA-wb-Age_64a_wb-CMYK->IFRA-wb-marca_133_wb-CMYK gaussian_process: median=3.062
wrote /Users/hamza/developer/thesis/Evaluating-Machine-Learning-Methods/journal/results/ifra/cross_run.csv
=== run_ifra B train=Arena_111 23:19:02
B cross-run IFRA-wb-Arena_111_wb-CMYK->IFRA-wb-Age_64a_wb-CMYK gaussian_process: median=4.413
B cross-run IFRA-wb-Arena_111_wb-CMYK->IFRA-wb-Dnvk_131_wb-CMYK gaussian_process: median=4.300
B cross-run IFRA-wb-Arena_111_wb-CMYK->IFRA-wb-GratN_90_wb-CMYK gaussian_process: median=2.767
B cross-run IFRA-wb-Arena_111_wb-CMYK->IFRA-wb-Mbd_103a_wb-CMYK gaussian_process: median=5.005
B cross-run IFRA-wb-Arena_111_wb-CMYK->IFRA-wb-NordK_92a_wb-CMYK gaussian_process: median=6.847
B cross-run IFRA-wb-Arena_111_wb-CMYK->IFRA-wb-PressJ_158_wb-CMYK gaussian_process: median=9.758
B cross-run IFRA-wb-Arena_111_wb-CMYK->IFRA-wb-RZPOI_125_2_wb-CMYK gaussian_process: median=5.492
B cross-run IFRA-wb-Arena_111_wb-CMYK->IFRA-wb-SudK_99_2_wb-CMYK gaussian_process: median=6.429
B cross-run IFRA-wb-Arena_111_wb-CMYK->IFRA-wb-Sudz_100_wb-CMYK gaussian_process: median=5.520
B cross-run IFRA-wb-Arena_111_wb-CMYK->IFRA-wb-TagesA_147_2_wb-CMYK gaussian_process: median=5.199
B cross-run IFRA-wb-Arena_111_wb-CMYK->IFRA-wb-TagesA_147_wb-CMYK gaussian_process: median=5.259
B cross-run IFRA-wb-Arena_111_wb-CMYK->IFRA-wb-marca_133_wb-CMYK gaussian_process: median=3.216
wrote /Users/hamza/developer/thesis/Evaluating-Machine-Learning-Methods/journal/results/ifra/cross_run.csv
=== run_ifra B train=Dnvk_131 23:28:48
B cross-run IFRA-wb-Dnvk_131_wb-CMYK->IFRA-wb-Age_64a_wb-CMYK gaussian_process: median=1.568
B cross-run IFRA-wb-Dnvk_131_wb-CMYK->IFRA-wb-Arena_111_wb-CMYK gaussian_process: median=4.203
B cross-run IFRA-wb-Dnvk_131_wb-CMYK->IFRA-wb-GratN_90_wb-CMYK gaussian_process: median=5.404
B cross-run IFRA-wb-Dnvk_131_wb-CMYK->IFRA-wb-Mbd_103a_wb-CMYK gaussian_process: median=2.514
B cross-run IFRA-wb-Dnvk_131_wb-CMYK->IFRA-wb-NordK_92a_wb-CMYK gaussian_process: median=3.253
B cross-run IFRA-wb-Dnvk_131_wb-CMYK->IFRA-wb-PressJ_158_wb-CMYK gaussian_process: median=6.574
B cross-run IFRA-wb-Dnvk_131_wb-CMYK->IFRA-wb-RZPOI_125_2_wb-CMYK gaussian_process: median=3.874
B cross-run IFRA-wb-Dnvk_131_wb-CMYK->IFRA-wb-SudK_99_2_wb-CMYK gaussian_process: median=3.902
B cross-run IFRA-wb-Dnvk_131_wb-CMYK->IFRA-wb-Sudz_100_wb-CMYK gaussian_process: median=3.101
B cross-run IFRA-wb-Dnvk_131_wb-CMYK->IFRA-wb-TagesA_147_2_wb-CMYK gaussian_process: median=1.809
B cross-run IFRA-wb-Dnvk_131_wb-CMYK->IFRA-wb-TagesA_147_wb-CMYK gaussian_process: median=1.848
B cross-run IFRA-wb-Dnvk_131_wb-CMYK->IFRA-wb-marca_133_wb-CMYK gaussian_process: median=2.638
wrote /Users/hamza/developer/thesis/Evaluating-Machine-Learning-Methods/journal/results/ifra/cross_run.csv
=== run_ifra B train=GratN_90 23:38:34
B cross-run IFRA-wb-GratN_90_wb-CMYK->IFRA-wb-Age_64a_wb-CMYK gaussian_process: median=5.382
B cross-run IFRA-wb-GratN_90_wb-CMYK->IFRA-wb-Arena_111_wb-CMYK gaussian_process: median=2.682
B cross-run IFRA-wb-GratN_90_wb-CMYK->IFRA-wb-Dnvk_131_wb-CMYK gaussian_process: median=5.436
B cross-run IFRA-wb-GratN_90_wb-CMYK->IFRA-wb-Mbd_103a_wb-CMYK gaussian_process: median=6.299
B cross-run IFRA-wb-GratN_90_wb-CMYK->IFRA-wb-NordK_92a_wb-CMYK gaussian_process: median=7.687
B cross-run IFRA-wb-GratN_90_wb-CMYK->IFRA-wb-PressJ_158_wb-CMYK gaussian_process: median=10.042
B cross-run IFRA-wb-GratN_90_wb-CMYK->IFRA-wb-RZPOI_125_2_wb-CMYK gaussian_process: median=5.300
B cross-run IFRA-wb-GratN_90_wb-CMYK->IFRA-wb-SudK_99_2_wb-CMYK gaussian_process: median=7.309
B cross-run IFRA-wb-GratN_90_wb-CMYK->IFRA-wb-Sudz_100_wb-CMYK gaussian_process: median=6.544
B cross-run IFRA-wb-GratN_90_wb-CMYK->IFRA-wb-TagesA_147_2_wb-CMYK gaussian_process: median=6.288
B cross-run IFRA-wb-GratN_90_wb-CMYK->IFRA-wb-TagesA_147_wb-CMYK gaussian_process: median=6.255
B cross-run IFRA-wb-GratN_90_wb-CMYK->IFRA-wb-marca_133_wb-CMYK gaussian_process: median=4.388
wrote /Users/hamza/developer/thesis/Evaluating-Machine-Learning-Methods/journal/results/ifra/cross_run.csv
=== run_ifra B train=Mbd_103a 23:46:38
B cross-run IFRA-wb-Mbd_103a_wb-CMYK->IFRA-wb-Age_64a_wb-CMYK gaussian_process: median=2.618
B cross-run IFRA-wb-Mbd_103a_wb-CMYK->IFRA-wb-Arena_111_wb-CMYK gaussian_process: median=4.981
B cross-run IFRA-wb-Mbd_103a_wb-CMYK->IFRA-wb-Dnvk_131_wb-CMYK gaussian_process: median=2.648
B cross-run IFRA-wb-Mbd_103a_wb-CMYK->IFRA-wb-GratN_90_wb-CMYK gaussian_process: median=6.300
B cross-run IFRA-wb-Mbd_103a_wb-CMYK->IFRA-wb-NordK_92a_wb-CMYK gaussian_process: median=3.197
B cross-run IFRA-wb-Mbd_103a_wb-CMYK->IFRA-wb-PressJ_158_wb-CMYK gaussian_process: median=5.676
B cross-run IFRA-wb-Mbd_103a_wb-CMYK->IFRA-wb-RZPOI_125_2_wb-CMYK gaussian_process: median=3.365
B cross-run IFRA-wb-Mbd_103a_wb-CMYK->IFRA-wb-SudK_99_2_wb-CMYK gaussian_process: median=2.505
B cross-run IFRA-wb-Mbd_103a_wb-CMYK->IFRA-wb-Sudz_100_wb-CMYK gaussian_process: median=2.427
B cross-run IFRA-wb-Mbd_103a_wb-CMYK->IFRA-wb-TagesA_147_2_wb-CMYK gaussian_process: median=1.559
B cross-run IFRA-wb-Mbd_103a_wb-CMYK->IFRA-wb-TagesA_147_wb-CMYK gaussian_process: median=1.554
B cross-run IFRA-wb-Mbd_103a_wb-CMYK->IFRA-wb-marca_133_wb-CMYK gaussian_process: median=3.671
wrote /Users/hamza/developer/thesis/Evaluating-Machine-Learning-Methods/journal/results/ifra/cross_run.csv
=== run_ifra B train=NordK_92a 23:54:28
B cross-run IFRA-wb-NordK_92a_wb-CMYK->IFRA-wb-Age_64a_wb-CMYK gaussian_process: median=3.298
B cross-run IFRA-wb-NordK_92a_wb-CMYK->IFRA-wb-Arena_111_wb-CMYK gaussian_process: median=6.787
B cross-run IFRA-wb-NordK_92a_wb-CMYK->IFRA-wb-Dnvk_131_wb-CMYK gaussian_process: median=3.218
B cross-run IFRA-wb-NordK_92a_wb-CMYK->IFRA-wb-GratN_90_wb-CMYK gaussian_process: median=7.614
B cross-run IFRA-wb-NordK_92a_wb-CMYK->IFRA-wb-Mbd_103a_wb-CMYK gaussian_process: median=3.150
B cross-run IFRA-wb-NordK_92a_wb-CMYK->IFRA-wb-PressJ_158_wb-CMYK gaussian_process: median=5.543
B cross-run IFRA-wb-NordK_92a_wb-CMYK->IFRA-wb-RZPOI_125_2_wb-CMYK gaussian_process: median=4.183
B cross-run IFRA-wb-NordK_92a_wb-CMYK->IFRA-wb-SudK_99_2_wb-CMYK gaussian_process: median=3.619
B cross-run IFRA-wb-NordK_92a_wb-CMYK->IFRA-wb-Sudz_100_wb-CMYK gaussian_process: median=3.568
B cross-run IFRA-wb-NordK_92a_wb-CMYK->IFRA-wb-TagesA_147_2_wb-CMYK gaussian_process: median=2.731
B cross-run IFRA-wb-NordK_92a_wb-CMYK->IFRA-wb-TagesA_147_wb-CMYK gaussian_process: median=2.609
B cross-run IFRA-wb-NordK_92a_wb-CMYK->IFRA-wb-marca_133_wb-CMYK gaussian_process: median=4.934
wrote /Users/hamza/developer/thesis/Evaluating-Machine-Learning-Methods/journal/results/ifra/cross_run.csv
=== run_ifra B train=PressJ_158 00:01:57
B cross-run IFRA-wb-PressJ_158_wb-CMYK->IFRA-wb-Age_64a_wb-CMYK gaussian_process: median=6.672
B cross-run IFRA-wb-PressJ_158_wb-CMYK->IFRA-wb-Arena_111_wb-CMYK gaussian_process: median=9.549
B cross-run IFRA-wb-PressJ_158_wb-CMYK->IFRA-wb-Dnvk_131_wb-CMYK gaussian_process: median=6.366
B cross-run IFRA-wb-PressJ_158_wb-CMYK->IFRA-wb-GratN_90_wb-CMYK gaussian_process: median=9.979
B cross-run IFRA-wb-PressJ_158_wb-CMYK->IFRA-wb-Mbd_103a_wb-CMYK gaussian_process: median=5.377
B cross-run IFRA-wb-PressJ_158_wb-CMYK->IFRA-wb-NordK_92a_wb-CMYK gaussian_process: median=5.330
B cross-run IFRA-wb-PressJ_158_wb-CMYK->IFRA-wb-RZPOI_125_2_wb-CMYK gaussian_process: median=7.140
B cross-run IFRA-wb-PressJ_158_wb-CMYK->IFRA-wb-SudK_99_2_wb-CMYK gaussian_process: median=5.669
B cross-run IFRA-wb-PressJ_158_wb-CMYK->IFRA-wb-Sudz_100_wb-CMYK gaussian_process: median=5.478
B cross-run IFRA-wb-PressJ_158_wb-CMYK->IFRA-wb-TagesA_147_2_wb-CMYK gaussian_process: median=5.645
B cross-run IFRA-wb-PressJ_158_wb-CMYK->IFRA-wb-TagesA_147_wb-CMYK gaussian_process: median=5.634
B cross-run IFRA-wb-PressJ_158_wb-CMYK->IFRA-wb-marca_133_wb-CMYK gaussian_process: median=7.779
wrote /Users/hamza/developer/thesis/Evaluating-Machine-Learning-Methods/journal/results/ifra/cross_run.csv
=== run_ifra B train=RZPOI_125_2 00:08:59
B cross-run IFRA-wb-RZPOI_125_2_wb-CMYK->IFRA-wb-Age_64a_wb-CMYK gaussian_process: median=3.813
=== run_ifra B train=RZPOI_125_2 00:10:17
B cross-run IFRA-wb-RZPOI_125_2_wb-CMYK->IFRA-wb-Age_64a_wb-CMYK gaussian_process: median=3.813
B cross-run IFRA-wb-RZPOI_125_2_wb-CMYK->IFRA-wb-Arena_111_wb-CMYK gaussian_process: median=5.389
B cross-run IFRA-wb-RZPOI_125_2_wb-CMYK->IFRA-wb-Dnvk_131_wb-CMYK gaussian_process: median=4.035
B cross-run IFRA-wb-RZPOI_125_2_wb-CMYK->IFRA-wb-GratN_90_wb-CMYK gaussian_process: median=5.377
B cross-run IFRA-wb-RZPOI_125_2_wb-CMYK->IFRA-wb-Mbd_103a_wb-CMYK gaussian_process: median=3.294
B cross-run IFRA-wb-RZPOI_125_2_wb-CMYK->IFRA-wb-NordK_92a_wb-CMYK gaussian_process: median=4.157
B cross-run IFRA-wb-RZPOI_125_2_wb-CMYK->IFRA-wb-PressJ_158_wb-CMYK gaussian_process: median=7.001
B cross-run IFRA-wb-RZPOI_125_2_wb-CMYK->IFRA-wb-SudK_99_2_wb-CMYK gaussian_process: median=4.122
B cross-run IFRA-wb-RZPOI_125_2_wb-CMYK->IFRA-wb-Sudz_100_wb-CMYK gaussian_process: median=3.301
B cross-run IFRA-wb-RZPOI_125_2_wb-CMYK->IFRA-wb-TagesA_147_2_wb-CMYK gaussian_process: median=3.477
B cross-run IFRA-wb-RZPOI_125_2_wb-CMYK->IFRA-wb-TagesA_147_wb-CMYK gaussian_process: median=3.439
B cross-run IFRA-wb-RZPOI_125_2_wb-CMYK->IFRA-wb-marca_133_wb-CMYK gaussian_process: median=5.102
wrote /Users/hamza/developer/thesis/Evaluating-Machine-Learning-Methods/journal/results/ifra/cross_run.csv
=== run_ifra B train=SudK_99_2 00:17:29
B cross-run IFRA-wb-SudK_99_2_wb-CMYK->IFRA-wb-Age_64a_wb-CMYK gaussian_process: median=3.365
B cross-run IFRA-wb-SudK_99_2_wb-CMYK->IFRA-wb-Arena_111_wb-CMYK gaussian_process: median=6.383
B cross-run IFRA-wb-SudK_99_2_wb-CMYK->IFRA-wb-Dnvk_131_wb-CMYK gaussian_process: median=3.878
B cross-run IFRA-wb-SudK_99_2_wb-CMYK->IFRA-wb-GratN_90_wb-CMYK gaussian_process: median=7.414
B cross-run IFRA-wb-SudK_99_2_wb-CMYK->IFRA-wb-Mbd_103a_wb-CMYK gaussian_process: median=2.387
B cross-run IFRA-wb-SudK_99_2_wb-CMYK->IFRA-wb-NordK_92a_wb-CMYK gaussian_process: median=3.585
B cross-run IFRA-wb-SudK_99_2_wb-CMYK->IFRA-wb-PressJ_158_wb-CMYK gaussian_process: median=5.944
B cross-run IFRA-wb-SudK_99_2_wb-CMYK->IFRA-wb-RZPOI_125_2_wb-CMYK gaussian_process: median=4.048
B cross-run IFRA-wb-SudK_99_2_wb-CMYK->IFRA-wb-Sudz_100_wb-CMYK gaussian_process: median=3.124
B cross-run IFRA-wb-SudK_99_2_wb-CMYK->IFRA-wb-TagesA_147_2_wb-CMYK gaussian_process: median=2.609
B cross-run IFRA-wb-SudK_99_2_wb-CMYK->IFRA-wb-TagesA_147_wb-CMYK gaussian_process: median=2.669
B cross-run IFRA-wb-SudK_99_2_wb-CMYK->IFRA-wb-marca_133_wb-CMYK gaussian_process: median=5.088
wrote /Users/hamza/developer/thesis/Evaluating-Machine-Learning-Methods/journal/results/ifra/cross_run.csv
=== run_ifra B train=Sudz_100 00:24:27
B cross-run IFRA-wb-Sudz_100_wb-CMYK->IFRA-wb-Age_64a_wb-CMYK gaussian_process: median=3.355
B cross-run IFRA-wb-Sudz_100_wb-CMYK->IFRA-wb-Arena_111_wb-CMYK gaussian_process: median=5.274
B cross-run IFRA-wb-Sudz_100_wb-CMYK->IFRA-wb-Dnvk_131_wb-CMYK gaussian_process: median=3.081
B cross-run IFRA-wb-Sudz_100_wb-CMYK->IFRA-wb-GratN_90_wb-CMYK gaussian_process: median=6.220
B cross-run IFRA-wb-Sudz_100_wb-CMYK->IFRA-wb-Mbd_103a_wb-CMYK gaussian_process: median=2.542
B cross-run IFRA-wb-Sudz_100_wb-CMYK->IFRA-wb-NordK_92a_wb-CMYK gaussian_process: median=3.500
B cross-run IFRA-wb-Sudz_100_wb-CMYK->IFRA-wb-PressJ_158_wb-CMYK gaussian_process: median=5.745
B cross-run IFRA-wb-Sudz_100_wb-CMYK->IFRA-wb-RZPOI_125_2_wb-CMYK gaussian_process: median=3.062
B cross-run IFRA-wb-Sudz_100_wb-CMYK->IFRA-wb-SudK_99_2_wb-CMYK gaussian_process: median=3.452
B cross-run IFRA-wb-Sudz_100_wb-CMYK->IFRA-wb-TagesA_147_2_wb-CMYK gaussian_process: median=2.633
B cross-run IFRA-wb-Sudz_100_wb-CMYK->IFRA-wb-TagesA_147_wb-CMYK gaussian_process: median=2.502
B cross-run IFRA-wb-Sudz_100_wb-CMYK->IFRA-wb-marca_133_wb-CMYK gaussian_process: median=4.440
wrote /Users/hamza/developer/thesis/Evaluating-Machine-Learning-Methods/journal/results/ifra/cross_run.csv
=== run_ifra B train=TagesA_147_2 00:31:19
B cross-run IFRA-wb-TagesA_147_2_wb-CMYK->IFRA-wb-Age_64a_wb-CMYK gaussian_process: median=1.977
B cross-run IFRA-wb-TagesA_147_2_wb-CMYK->IFRA-wb-Arena_111_wb-CMYK gaussian_process: median=5.155
B cross-run IFRA-wb-TagesA_147_2_wb-CMYK->IFRA-wb-Dnvk_131_wb-CMYK gaussian_process: median=1.949
B cross-run IFRA-wb-TagesA_147_2_wb-CMYK->IFRA-wb-GratN_90_wb-CMYK gaussian_process: median=6.431
B cross-run IFRA-wb-TagesA_147_2_wb-CMYK->IFRA-wb-Mbd_103a_wb-CMYK gaussian_process: median=1.429
B cross-run IFRA-wb-TagesA_147_2_wb-CMYK->IFRA-wb-NordK_92a_wb-CMYK gaussian_process: median=2.822
B cross-run IFRA-wb-TagesA_147_2_wb-CMYK->IFRA-wb-PressJ_158_wb-CMYK gaussian_process: median=5.925
B cross-run IFRA-wb-TagesA_147_2_wb-CMYK->IFRA-wb-RZPOI_125_2_wb-CMYK gaussian_process: median=3.456
B cross-run IFRA-wb-TagesA_147_2_wb-CMYK->IFRA-wb-SudK_99_2_wb-CMYK gaussian_process: median=2.712
B cross-run IFRA-wb-TagesA_147_2_wb-CMYK->IFRA-wb-Sudz_100_wb-CMYK gaussian_process: median=2.465
B cross-run IFRA-wb-TagesA_147_2_wb-CMYK->IFRA-wb-TagesA_147_wb-CMYK gaussian_process: median=0.823
B cross-run IFRA-wb-TagesA_147_2_wb-CMYK->IFRA-wb-marca_133_wb-CMYK gaussian_process: median=3.390
wrote /Users/hamza/developer/thesis/Evaluating-Machine-Learning-Methods/journal/results/ifra/cross_run.csv
=== run_ifra B train=TagesA_147 00:38:03
B cross-run IFRA-wb-TagesA_147_wb-CMYK->IFRA-wb-Age_64a_wb-CMYK gaussian_process: median=1.970
B cross-run IFRA-wb-TagesA_147_wb-CMYK->IFRA-wb-Arena_111_wb-CMYK gaussian_process: median=5.208
B cross-run IFRA-wb-TagesA_147_wb-CMYK->IFRA-wb-Dnvk_131_wb-CMYK gaussian_process: median=1.949
B cross-run IFRA-wb-TagesA_147_wb-CMYK->IFRA-wb-GratN_90_wb-CMYK gaussian_process: median=6.384
B cross-run IFRA-wb-TagesA_147_wb-CMYK->IFRA-wb-Mbd_103a_wb-CMYK gaussian_process: median=1.458
B cross-run IFRA-wb-TagesA_147_wb-CMYK->IFRA-wb-NordK_92a_wb-CMYK gaussian_process: median=2.716
B cross-run IFRA-wb-TagesA_147_wb-CMYK->IFRA-wb-PressJ_158_wb-CMYK gaussian_process: median=5.849
B cross-run IFRA-wb-TagesA_147_wb-CMYK->IFRA-wb-RZPOI_125_2_wb-CMYK gaussian_process: median=3.335
B cross-run IFRA-wb-TagesA_147_wb-CMYK->IFRA-wb-SudK_99_2_wb-CMYK gaussian_process: median=2.734
B cross-run IFRA-wb-TagesA_147_wb-CMYK->IFRA-wb-Sudz_100_wb-CMYK gaussian_process: median=2.385
B cross-run IFRA-wb-TagesA_147_wb-CMYK->IFRA-wb-TagesA_147_2_wb-CMYK gaussian_process: median=0.841
B cross-run IFRA-wb-TagesA_147_wb-CMYK->IFRA-wb-marca_133_wb-CMYK gaussian_process: median=3.493
wrote /Users/hamza/developer/thesis/Evaluating-Machine-Learning-Methods/journal/results/ifra/cross_run.csv
=== run_ifra B train=marca_133 00:44:46
B cross-run IFRA-wb-marca_133_wb-CMYK->IFRA-wb-Age_64a_wb-CMYK gaussian_process: median=3.011
B cross-run IFRA-wb-marca_133_wb-CMYK->IFRA-wb-Arena_111_wb-CMYK gaussian_process: median=2.777
B cross-run IFRA-wb-marca_133_wb-CMYK->IFRA-wb-Dnvk_131_wb-CMYK gaussian_process: median=2.719
B cross-run IFRA-wb-marca_133_wb-CMYK->IFRA-wb-GratN_90_wb-CMYK gaussian_process: median=4.182
B cross-run IFRA-wb-marca_133_wb-CMYK->IFRA-wb-Mbd_103a_wb-CMYK gaussian_process: median=3.684
B cross-run IFRA-wb-marca_133_wb-CMYK->IFRA-wb-NordK_92a_wb-CMYK gaussian_process: median=5.191
B cross-run IFRA-wb-marca_133_wb-CMYK->IFRA-wb-PressJ_158_wb-CMYK gaussian_process: median=7.888
B cross-run IFRA-wb-marca_133_wb-CMYK->IFRA-wb-RZPOI_125_2_wb-CMYK gaussian_process: median=4.694
B cross-run IFRA-wb-marca_133_wb-CMYK->IFRA-wb-SudK_99_2_wb-CMYK gaussian_process: median=5.333
B cross-run IFRA-wb-marca_133_wb-CMYK->IFRA-wb-Sudz_100_wb-CMYK gaussian_process: median=4.248
B cross-run IFRA-wb-marca_133_wb-CMYK->IFRA-wb-TagesA_147_2_wb-CMYK gaussian_process: median=3.611
B cross-run IFRA-wb-marca_133_wb-CMYK->IFRA-wb-TagesA_147_wb-CMYK gaussian_process: median=3.684
wrote /Users/hamza/developer/thesis/Evaluating-Machine-Learning-Methods/journal/results/ifra/cross_run.csv
